1
6
148946603
1
3
242987927
1
893915924
1
928742408
65517632
369970571
5
184898827
918682325
693958306
737843772
36
36716145
688423210
3
878015191
10
409643880
1024
126356220
7
0
175895282
5
902493818
320606212
1000
1
10
30325608
29614061
114646353
790790578
715652984
246797651
7
15625
109887709
299550229
1
697705339
776185768
1
974910622
999999937
792180016
4
4
774491455
353020617
996479356
1
584809521
4
1
206144065
65840068
8
0
4
1
7
186931595
1
390625
663690304
339514974
769346453
1
683141455
2
421806954
228499430
1
32768
960952631
701017735
888229466
849572438
193636044
669157962
387420489
4
9
1
3
28530258
0
1953125
1
1
895233766
1048576
0
